../Core/Src/main.c:132:5:__io_putchar	16	static
../Core/Src/main.c:144:6:HAL_TIM_IC_CaptureCallback	16	static
../Core/Src/main.c:161:5:main	128	static
../Core/Src/main.c:405:6:SystemClock_Config	88	static
../Core/Src/main.c:452:13:MX_ADC2_Init	40	static
../Core/Src/main.c:511:13:MX_TIM1_Init	104	static
../Core/Src/main.c:587:13:MX_TIM2_Init	40	static
../Core/Src/main.c:632:13:MX_TIM3_Init	56	static
../Core/Src/main.c:681:13:MX_TIM4_Init	40	static
../Core/Src/main.c:726:13:MX_TIM5_Init	40	static
../Core/Src/main.c:771:13:MX_USART2_UART_Init	8	static
../Core/Src/main.c:817:13:MX_DMA_Init	16	static
../Core/Src/main.c:836:13:MX_GPIO_Init	48	static
../Core/Src/main.c:879:6:HAL_UART_RxCpltCallback	16	static
../Core/Src/main.c:884:6:HAL_TIM_PeriodElapsedCallback	16	static
../Core/Src/main.c:909:6:START_PWM	8	static
../Core/Src/main.c:924:6:Set_Alpha	16	static
../Core/Src/main.c:941:6:QuickStart	8	static
../Core/Src/main.c:948:6:HAL_ADC_ConvCpltCallback	16	static
../Core/Src/main.c:953:6:GetCurrent	8	static
../Core/Src/main.c:976:6:CurrentCalcul	16	static
../Core/Src/main.c:988:6:SpeedCalc	8	static
../Core/Src/main.c:995:5:AsservCurrentStep	48	static
../Core/Src/main.c:1027:6:Error_Handler	4	static,ignoring_inline_asm
