../Core/Src/main.c:111:5:__io_putchar	16	static
../Core/Src/main.c:124:6:HAL_TIM_IC_CaptureCallback	16	static
../Core/Src/main.c:138:5:main	128	static
../Core/Src/main.c:387:6:SystemClock_Config	88	static
../Core/Src/main.c:434:13:MX_ADC2_Init	40	static
../Core/Src/main.c:493:13:MX_TIM1_Init	104	static
../Core/Src/main.c:569:13:MX_TIM2_Init	40	static
../Core/Src/main.c:614:13:MX_TIM3_Init	56	static
../Core/Src/main.c:663:13:MX_USART2_UART_Init	8	static
../Core/Src/main.c:709:13:MX_DMA_Init	16	static
../Core/Src/main.c:728:13:MX_GPIO_Init	48	static
../Core/Src/main.c:771:6:HAL_UART_RxCpltCallback	16	static
../Core/Src/main.c:776:6:START_PWM	8	static
../Core/Src/main.c:784:6:Set_Alpha	16	static
../Core/Src/main.c:794:6:QuickStart	8	static
../Core/Src/main.c:801:6:HAL_ADC_ConvCpltCallback	16	static
../Core/Src/main.c:806:6:CurrentCalcul	16	static
../Core/Src/main.c:818:6:Error_Handler	4	static,ignoring_inline_asm
